{"event": "delivered", "node_id": "NODE-A-01", "sequence_number": 1, "lora_latency_seconds": 0.247, "timestamp": "2026-08-31 08:39:46", "gateway_id": "GATEWAY-1"}
{"event": "delivered", "node_id": "NODE-A-01", "sequence_number": 2, "lora_latency_seconds": 0.238, "timestamp": "2026-08-31 08:39:47", "gateway_id": "GATEWAY-1"}
{"event": "delivered", "node_id": "NODE-A-01", "sequence_number": 3, "lora_latency_seconds": 0.217, "timestamp": "2026-08-31 08:39:48", "gateway_id": "GATEWAY-1"}
{"event": "delivered", "node_id": "NODE-A-01", "sequence_number": 4, "lora_latency_seconds": 0.288, "timestamp": "2026-08-31 08:39:49", "gateway_id": "GATEWAY-1"}
{"event": "internet_status_change", "online": false, "queue_length": 0, "timestamp": "2026-08-31 08:39:50", "gateway_id": "GATEWAY-1"}
{"event": "queued_offline", "node_id": "NODE-A-01", "sequence_number": 5, "queue_length": 1, "timestamp": "2026-08-31 08:39:50", "gateway_id": "GATEWAY-1"}
{"event": "queued_offline", "node_id": "NODE-A-01", "sequence_number": 6, "queue_length": 2, "timestamp": "2026-08-31 08:39:51", "gateway_id": "GATEWAY-1"}
{"event": "queued_offline", "node_id": "NODE-A-01", "sequence_number": 7, "queue_length": 3, "timestamp": "2026-08-31 08:39:52", "gateway_id": "GATEWAY-1"}
{"event": "queued_offline", "node_id": "NODE-A-01", "sequence_number": 8, "queue_length": 4, "timestamp": "2026-08-31 08:39:53", "gateway_id": "GATEWAY-1"}
{"event": "internet_status_change", "online": true, "queue_length": 4, "timestamp": "2026-08-31 08:39:54", "gateway_id": "GATEWAY-1"}
{"event": "delivered_from_queue", "node_id": "NODE-A-01", "sequence_number": 5, "lora_latency_seconds": 0.208, "timestamp": "2026-08-31 08:39:54", "gateway_id": "GATEWAY-1"}
{"event": "delivered_from_queue", "node_id": "NODE-A-01", "sequence_number": 6, "lora_latency_seconds": 0.134, "timestamp": "2026-08-31 08:39:54", "gateway_id": "GATEWAY-1"}
{"event": "delivered_from_queue", "node_id": "NODE-A-01", "sequence_number": 7, "lora_latency_seconds": 0.178, "timestamp": "2026-08-31 08:39:54", "gateway_id": "GATEWAY-1"}
{"event": "delivered_from_queue", "node_id": "NODE-A-01", "sequence_number": 8, "lora_latency_seconds": 0.066, "timestamp": "2026-08-31 08:39:54", "gateway_id": "GATEWAY-1"}
{"event": "queue_flushed", "count": 4, "timestamp": "2026-08-31 08:39:54", "gateway_id": "GATEWAY-1"}
{"event": "delivered", "node_id": "NODE-A-01", "sequence_number": 1, "lora_latency_seconds": 0.224, "timestamp": "2026-08-31 08:40:08", "gateway_id": "GATEWAY-1"}
{"event": "delivered", "node_id": "NODE-A-02", "sequence_number": 1, "lora_latency_seconds": 0.209, "timestamp": "2026-08-31 08:40:08", "gateway_id": "GATEWAY-1"}
{"event": "delivered", "node_id": "NODE-B-01", "sequence_number": 1, "lora_latency_seconds": 0.093, "timestamp": "2026-08-31 08:40:08", "gateway_id": "GATEWAY-1"}
{"event": "delivered", "node_id": "NODE-B-02", "sequence_number": 1, "lora_latency_seconds": 0.143, "timestamp": "2026-08-31 08:40:08", "gateway_id": "GATEWAY-1"}
{"event": "delivered", "node_id": "NODE-C-01", "sequence_number": 1, "lora_latency_seconds": 0.072, "timestamp": "2026-08-31 08:40:08", "gateway_id": "GATEWAY-1"}
{"event": "delivered", "node_id": "NODE-C-02", "sequence_number": 1, "lora_latency_seconds": 0.228, "timestamp": "2026-08-31 08:40:08", "gateway_id": "GATEWAY-1"}
{"event": "delivered", "node_id": "NODE-D-01", "sequence_number": 1, "lora_latency_seconds": 0.154, "timestamp": "2026-08-31 08:40:08", "gateway_id": "GATEWAY-1"}
{"event": "delivered", "node_id": "NODE-B-01", "sequence_number": 2, "lora_latency_seconds": 0.226, "timestamp": "2026-08-31 08:40:14", "gateway_id": "GATEWAY-1"}
{"event": "delivered", "node_id": "NODE-A-01", "sequence_number": 2, "lora_latency_seconds": 0.178, "timestamp": "2026-08-31 08:40:14", "gateway_id": "GATEWAY-1"}
{"event": "delivered", "node_id": "NODE-A-02", "sequence_number": 2, "lora_latency_seconds": 0.136, "timestamp": "2026-08-31 08:40:14", "gateway_id": "GATEWAY-1"}
{"event": "delivered", "node_id": "NODE-C-02", "sequence_number": 2, "lora_latency_seconds": 0.111, "timestamp": "2026-08-31 08:40:14", "gateway_id": "GATEWAY-1"}
{"event": "delivered", "node_id": "NODE-C-01", "sequence_number": 2, "lora_latency_seconds": 0.197, "timestamp": "2026-08-31 08:40:14", "gateway_id": "GATEWAY-1"}
{"event": "delivered", "node_id": "NODE-B-02", "sequence_number": 2, "lora_latency_seconds": 0.108, "timestamp": "2026-08-31 08:40:14", "gateway_id": "GATEWAY-1"}
{"event": "delivered", "node_id": "NODE-D-01", "sequence_number": 2, "lora_latency_seconds": 0.205, "timestamp": "2026-08-31 08:40:14", "gateway_id": "GATEWAY-1"}
{"event": "delivered", "node_id": "NODE-A-02", "sequence_number": 3, "lora_latency_seconds": 0.139, "timestamp": "2026-08-31 08:40:20", "gateway_id": "GATEWAY-1"}
{"event": "delivered", "node_id": "NODE-A-01", "sequence_number": 3, "lora_latency_seconds": 0.249, "timestamp": "2026-08-31 08:40:20", "gateway_id": "GATEWAY-1"}
{"event": "delivered", "node_id": "NODE-B-01", "sequence_number": 3, "lora_latency_seconds": 0.192, "timestamp": "2026-08-31 08:40:20", "gateway_id": "GATEWAY-1"}
{"event": "delivered", "node_id": "NODE-B-02", "sequence_number": 3, "lora_latency_seconds": 0.157, "timestamp": "2026-08-31 08:40:20", "gateway_id": "GATEWAY-1"}
{"event": "delivered", "node_id": "NODE-C-01", "sequence_number": 3, "lora_latency_seconds": 0.172, "timestamp": "2026-08-31 08:40:20", "gateway_id": "GATEWAY-1"}
{"event": "delivered", "node_id": "NODE-C-02", "sequence_number": 3, "lora_latency_seconds": 0.29, "timestamp": "2026-08-31 08:40:20", "gateway_id": "GATEWAY-1"}
{"event": "delivered", "node_id": "NODE-D-01", "sequence_number": 3, "lora_latency_seconds": 0.27, "timestamp": "2026-08-31 08:40:20", "gateway_id": "GATEWAY-1"}
{"event": "delivered", "node_id": "NODE-A-01", "sequence_number": 4, "lora_latency_seconds": 0.158, "timestamp": "2026-08-31 08:40:26", "gateway_id": "GATEWAY-1"}
{"event": "delivered", "node_id": "NODE-A-02", "sequence_number": 4, "lora_latency_seconds": 0.273, "timestamp": "2026-08-31 08:40:26", "gateway_id": "GATEWAY-1"}
{"event": "delivered", "node_id": "NODE-B-01", "sequence_number": 4, "lora_latency_seconds": 0.083, "timestamp": "2026-08-31 08:40:26", "gateway_id": "GATEWAY-1"}
{"event": "delivered", "node_id": "NODE-C-02", "sequence_number": 4, "lora_latency_seconds": 0.235, "timestamp": "2026-08-31 08:40:26", "gateway_id": "GATEWAY-1"}
{"event": "delivered", "node_id": "NODE-D-01", "sequence_number": 4, "lora_latency_seconds": 0.058, "timestamp": "2026-08-31 08:40:26", "gateway_id": "GATEWAY-1"}
{"event": "delivered", "node_id": "NODE-C-01", "sequence_number": 4, "lora_latency_seconds": 0.067, "timestamp": "2026-08-31 08:40:26", "gateway_id": "GATEWAY-1"}
{"event": "delivered", "node_id": "NODE-B-02", "sequence_number": 4, "lora_latency_seconds": 0.258, "timestamp": "2026-08-31 08:40:26", "gateway_id": "GATEWAY-1"}
{"event": "delivered", "node_id": "NODE-A-01", "sequence_number": 5, "lora_latency_seconds": 0.161, "timestamp": "2026-08-31 08:40:32", "gateway_id": "GATEWAY-1"}
{"event": "delivered", "node_id": "NODE-B-01", "sequence_number": 5, "lora_latency_seconds": 0.115, "timestamp": "2026-08-31 08:40:32", "gateway_id": "GATEWAY-1"}
{"event": "delivered", "node_id": "NODE-A-02", "sequence_number": 5, "lora_latency_seconds": 0.066, "timestamp": "2026-08-31 08:40:32", "gateway_id": "GATEWAY-1"}
{"event": "delivered", "node_id": "NODE-C-02", "sequence_number": 5, "lora_latency_seconds": 0.114, "timestamp": "2026-08-31 08:40:32", "gateway_id": "GATEWAY-1"}
{"event": "delivered", "node_id": "NODE-D-01", "sequence_number": 5, "lora_latency_seconds": 0.139, "timestamp": "2026-08-31 08:40:32", "gateway_id": "GATEWAY-1"}
{"event": "delivered", "node_id": "NODE-B-02", "sequence_number": 5, "lora_latency_seconds": 0.144, "timestamp": "2026-08-31 08:40:32", "gateway_id": "GATEWAY-1"}
{"event": "delivered", "node_id": "NODE-C-01", "sequence_number": 5, "lora_latency_seconds": 0.073, "timestamp": "2026-08-31 08:40:32", "gateway_id": "GATEWAY-1"}
{"event": "delivered", "node_id": "NODE-A-01", "sequence_number": 6, "lora_latency_seconds": 0.173, "timestamp": "2026-08-31 08:40:38", "gateway_id": "GATEWAY-1"}
{"event": "delivered", "node_id": "NODE-B-01", "sequence_number": 6, "lora_latency_seconds": 0.203, "timestamp": "2026-08-31 08:40:38", "gateway_id": "GATEWAY-1"}
{"event": "delivered", "node_id": "NODE-D-01", "sequence_number": 6, "lora_latency_seconds": 0.241, "timestamp": "2026-08-31 08:40:38", "gateway_id": "GATEWAY-1"}
{"event": "delivered", "node_id": "NODE-C-02", "sequence_number": 6, "lora_latency_seconds": 0.246, "timestamp": "2026-08-31 08:40:38", "gateway_id": "GATEWAY-1"}
{"event": "delivered", "node_id": "NODE-B-02", "sequence_number": 6, "lora_latency_seconds": 0.084, "timestamp": "2026-08-31 08:40:38", "gateway_id": "GATEWAY-1"}
{"event": "delivered", "node_id": "NODE-B-01", "sequence_number": 7, "lora_latency_seconds": 0.06, "timestamp": "2026-08-31 08:40:44", "gateway_id": "GATEWAY-1"}
{"event": "delivered", "node_id": "NODE-A-01", "sequence_number": 7, "lora_latency_seconds": 0.294, "timestamp": "2026-08-31 08:40:44", "gateway_id": "GATEWAY-1"}
{"event": "delivered", "node_id": "NODE-A-02", "sequence_number": 7, "lora_latency_seconds": 0.153, "timestamp": "2026-08-31 08:40:44", "gateway_id": "GATEWAY-1"}
{"event": "delivered", "node_id": "NODE-C-01", "sequence_number": 7, "lora_latency_seconds": 0.055, "timestamp": "2026-08-31 08:40:44", "gateway_id": "GATEWAY-1"}
{"event": "delivered", "node_id": "NODE-D-01", "sequence_number": 7, "lora_latency_seconds": 0.132, "timestamp": "2026-08-31 08:40:44", "gateway_id": "GATEWAY-1"}
{"event": "delivered", "node_id": "NODE-B-02", "sequence_number": 7, "lora_latency_seconds": 0.256, "timestamp": "2026-08-31 08:40:44", "gateway_id": "GATEWAY-1"}
{"event": "delivered", "node_id": "NODE-C-02", "sequence_number": 7, "lora_latency_seconds": 0.159, "timestamp": "2026-08-31 08:40:44", "gateway_id": "GATEWAY-1"}
{"event": "delivered", "node_id": "NODE-A-01", "sequence_number": 1, "lora_latency_seconds": 0.1, "timestamp": "2026-08-31 08:41:41", "gateway_id": "GATEWAY-1"}
{"event": "delivered", "node_id": "NODE-A-01", "sequence_number": 2, "lora_latency_seconds": 0.156, "timestamp": "2026-08-31 08:41:42", "gateway_id": "GATEWAY-1"}
{"event": "delivered", "node_id": "NODE-A-01", "sequence_number": 3, "lora_latency_seconds": 0.052, "timestamp": "2026-08-31 08:41:43", "gateway_id": "GATEWAY-1"}
{"event": "dropped_at_lora", "node_id": "NODE-A-01", "sequence_number": 4, "timestamp": "2026-08-31 08:41:44", "gateway_id": "GATEWAY-1"}
{"event": "internet_status_change", "online": false, "queue_length": 0, "timestamp": "2026-08-31 08:41:45", "gateway_id": "GATEWAY-1"}
{"event": "queued_offline", "node_id": "NODE-A-01", "sequence_number": 5, "queue_length": 1, "timestamp": "2026-08-31 08:41:45", "gateway_id": "GATEWAY-1"}
{"event": "queued_offline", "node_id": "NODE-A-01", "sequence_number": 6, "queue_length": 2, "timestamp": "2026-08-31 08:41:46", "gateway_id": "GATEWAY-1"}
{"event": "queued_offline", "node_id": "NODE-A-01", "sequence_number": 7, "queue_length": 3, "timestamp": "2026-08-31 08:41:47", "gateway_id": "GATEWAY-1"}
{"event": "queued_offline", "node_id": "NODE-A-01", "sequence_number": 8, "queue_length": 4, "timestamp": "2026-08-31 08:41:48", "gateway_id": "GATEWAY-1"}
{"event": "internet_status_change", "online": true, "queue_length": 4, "timestamp": "2026-08-31 08:41:49", "gateway_id": "GATEWAY-1"}
{"event": "delivered_from_queue", "node_id": "NODE-A-01", "sequence_number": 5, "lora_latency_seconds": 0.289, "timestamp": "2026-08-31 08:41:49", "gateway_id": "GATEWAY-1"}
{"event": "delivered_from_queue", "node_id": "NODE-A-01", "sequence_number": 6, "lora_latency_seconds": 0.266, "timestamp": "2026-08-31 08:41:49", "gateway_id": "GATEWAY-1"}
{"event": "delivered_from_queue", "node_id": "NODE-A-01", "sequence_number": 7, "lora_latency_seconds": 0.155, "timestamp": "2026-08-31 08:41:49", "gateway_id": "GATEWAY-1"}
{"event": "delivered_from_queue", "node_id": "NODE-A-01", "sequence_number": 8, "lora_latency_seconds": 0.094, "timestamp": "2026-08-31 08:41:49", "gateway_id": "GATEWAY-1"}
{"event": "queue_flushed", "count": 4, "timestamp": "2026-08-31 08:41:49", "gateway_id": "GATEWAY-1"}
{"event": "delivered", "node_id": "NODE-A-01", "sequence_number": 1, "lora_latency_seconds": 0.16, "timestamp": "2026-08-31 08:42:24", "gateway_id": "GATEWAY-1"}
{"event": "delivered", "node_id": "NODE-A-02", "sequence_number": 1, "lora_latency_seconds": 0.246, "timestamp": "2026-08-31 08:42:24", "gateway_id": "GATEWAY-1"}
{"event": "dropped_at_lora", "node_id": "NODE-B-01", "sequence_number": 1, "timestamp": "2026-08-31 08:42:24", "gateway_id": "GATEWAY-1"}
{"event": "delivered", "node_id": "NODE-B-02", "sequence_number": 1, "lora_latency_seconds": 0.209, "timestamp": "2026-08-31 08:42:24", "gateway_id": "GATEWAY-1"}
{"event": "delivered", "node_id": "NODE-C-01", "sequence_number": 1, "lora_latency_seconds": 0.068, "timestamp": "2026-08-31 08:42:24", "gateway_id": "GATEWAY-1"}
{"event": "delivered", "node_id": "NODE-D-01", "sequence_number": 1, "lora_latency_seconds": 0.258, "timestamp": "2026-08-31 08:42:24", "gateway_id": "GATEWAY-1"}
{"event": "delivered", "node_id": "NODE-C-02", "sequence_number": 1, "lora_latency_seconds": 0.275, "timestamp": "2026-08-31 08:42:24", "gateway_id": "GATEWAY-1"}
{"event": "delivered", "node_id": "NODE-C-01", "sequence_number": 2, "lora_latency_seconds": 0.295, "timestamp": "2026-08-31 08:42:30", "gateway_id": "GATEWAY-1"}
{"event": "delivered", "node_id": "NODE-B-02", "sequence_number": 2, "lora_latency_seconds": 0.2, "timestamp": "2026-08-31 08:42:30", "gateway_id": "GATEWAY-1"}
{"event": "delivered", "node_id": "NODE-A-02", "sequence_number": 2, "lora_latency_seconds": 0.169, "timestamp": "2026-08-31 08:42:30", "gateway_id": "GATEWAY-1"}
{"event": "delivered", "node_id": "NODE-B-01", "sequence_number": 2, "lora_latency_seconds": 0.27, "timestamp": "2026-08-31 08:42:30", "gateway_id": "GATEWAY-1"}
{"event": "delivered", "node_id": "NODE-D-01", "sequence_number": 2, "lora_latency_seconds": 0.232, "timestamp": "2026-08-31 08:42:30", "gateway_id": "GATEWAY-1"}
{"event": "delivered", "node_id": "NODE-A-01", "sequence_number": 2, "lora_latency_seconds": 0.125, "timestamp": "2026-08-31 08:42:30", "gateway_id": "GATEWAY-1"}
{"event": "delivered", "node_id": "NODE-C-02", "sequence_number": 2, "lora_latency_seconds": 0.059, "timestamp": "2026-08-31 08:42:30", "gateway_id": "GATEWAY-1"}
{"event": "delivered", "node_id": "NODE-A-01", "sequence_number": 1, "lora_latency_seconds": 0.166, "timestamp": "2026-08-31 08:42:37", "gateway_id": "GATEWAY-1"}
{"event": "delivered", "node_id": "NODE-A-02", "sequence_number": 1, "lora_latency_seconds": 0.151, "timestamp": "2026-08-31 08:42:37", "gateway_id": "GATEWAY-1"}
{"event": "delivered", "node_id": "NODE-B-01", "sequence_number": 1, "lora_latency_seconds": 0.291, "timestamp": "2026-08-31 08:42:37", "gateway_id": "GATEWAY-1"}
{"event": "delivered", "node_id": "NODE-B-02", "sequence_number": 1, "lora_latency_seconds": 0.066, "timestamp": "2026-08-31 08:42:37", "gateway_id": "GATEWAY-1"}
{"event": "delivered", "node_id": "NODE-C-01", "sequence_number": 1, "lora_latency_seconds": 0.09, "timestamp": "2026-08-31 08:42:37", "gateway_id": "GATEWAY-1"}
{"event": "delivered", "node_id": "NODE-C-02", "sequence_number": 1, "lora_latency_seconds": 0.281, "timestamp": "2026-08-31 08:42:37", "gateway_id": "GATEWAY-1"}
{"event": "delivered", "node_id": "NODE-D-01", "sequence_number": 1, "lora_latency_seconds": 0.26, "timestamp": "2026-08-31 08:42:37", "gateway_id": "GATEWAY-1"}
{"event": "delivered", "node_id": "NODE-D-01", "sequence_number": 2, "lora_latency_seconds": 0.255, "timestamp": "2026-08-31 08:42:43", "gateway_id": "GATEWAY-1"}
{"event": "delivered", "node_id": "NODE-B-01", "sequence_number": 2, "lora_latency_seconds": 0.15, "timestamp": "2026-08-31 08:42:43", "gateway_id": "GATEWAY-1"}
{"event": "delivered", "node_id": "NODE-B-02", "sequence_number": 2, "lora_latency_seconds": 0.274, "timestamp": "2026-08-31 08:42:43", "gateway_id": "GATEWAY-1"}
{"event": "delivered", "node_id": "NODE-C-02", "sequence_number": 2, "lora_latency_seconds": 0.081, "timestamp": "2026-08-31 08:42:43", "gateway_id": "GATEWAY-1"}
{"event": "delivered", "node_id": "NODE-C-01", "sequence_number": 2, "lora_latency_seconds": 0.238, "timestamp": "2026-08-31 08:42:43", "gateway_id": "GATEWAY-1"}
{"event": "delivered", "node_id": "NODE-A-02", "sequence_number": 2, "lora_latency_seconds": 0.199, "timestamp": "2026-08-31 08:42:43", "gateway_id": "GATEWAY-1"}
{"event": "delivered", "node_id": "NODE-A-01", "sequence_number": 2, "lora_latency_seconds": 0.248, "timestamp": "2026-08-31 08:42:43", "gateway_id": "GATEWAY-1"}
{"event": "delivered", "node_id": "NODE-C-02", "sequence_number": 3, "lora_latency_seconds": 0.172, "timestamp": "2026-08-31 08:42:49", "gateway_id": "GATEWAY-1"}
{"event": "delivered", "node_id": "NODE-C-01", "sequence_number": 3, "lora_latency_seconds": 0.105, "timestamp": "2026-08-31 08:42:49", "gateway_id": "GATEWAY-1"}
{"event": "delivered", "node_id": "NODE-A-01", "sequence_number": 3, "lora_latency_seconds": 0.132, "timestamp": "2026-08-31 08:42:49", "gateway_id": "GATEWAY-1"}
{"event": "delivered", "node_id": "NODE-D-01", "sequence_number": 3, "lora_latency_seconds": 0.182, "timestamp": "2026-08-31 08:42:49", "gateway_id": "GATEWAY-1"}
{"event": "delivered", "node_id": "NODE-A-02", "sequence_number": 3, "lora_latency_seconds": 0.218, "timestamp": "2026-08-31 08:42:49", "gateway_id": "GATEWAY-1"}
{"event": "delivered", "node_id": "NODE-B-01", "sequence_number": 3, "lora_latency_seconds": 0.188, "timestamp": "2026-08-31 08:42:49", "gateway_id": "GATEWAY-1"}
{"event": "delivered", "node_id": "NODE-B-02", "sequence_number": 3, "lora_latency_seconds": 0.255, "timestamp": "2026-08-31 08:42:49", "gateway_id": "GATEWAY-1"}
{"event": "delivered", "node_id": "NODE-A-01", "sequence_number": 4, "lora_latency_seconds": 0.269, "timestamp": "2026-08-31 08:42:50", "gateway_id": "GATEWAY-1"}
{"event": "delivered", "node_id": "NODE-A-01", "sequence_number": 5, "lora_latency_seconds": 0.151, "timestamp": "2026-08-31 08:42:50", "gateway_id": "GATEWAY-1"}
{"event": "delivered", "node_id": "NODE-A-01", "sequence_number": 6, "lora_latency_seconds": 0.252, "timestamp": "2026-08-31 08:42:51", "gateway_id": "GATEWAY-1"}
{"event": "delivered", "node_id": "NODE-A-01", "sequence_number": 7, "lora_latency_seconds": 0.054, "timestamp": "2026-08-31 08:42:51", "gateway_id": "GATEWAY-1"}
{"event": "delivered", "node_id": "NODE-A-01", "sequence_number": 8, "lora_latency_seconds": 0.215, "timestamp": "2026-08-31 08:42:52", "gateway_id": "GATEWAY-1"}
{"event": "delivered", "node_id": "NODE-A-01", "sequence_number": 9, "lora_latency_seconds": 0.105, "timestamp": "2026-08-31 08:42:52", "gateway_id": "GATEWAY-1"}
{"event": "delivered", "node_id": "NODE-A-01", "sequence_number": 10, "lora_latency_seconds": 0.084, "timestamp": "2026-08-31 08:42:53", "gateway_id": "GATEWAY-1"}
{"event": "delivered", "node_id": "NODE-A-01", "sequence_number": 11, "lora_latency_seconds": 0.28, "timestamp": "2026-08-31 08:42:53", "gateway_id": "GATEWAY-1"}
{"event": "delivered", "node_id": "NODE-A-01", "sequence_number": 12, "lora_latency_seconds": 0.298, "timestamp": "2026-08-31 08:42:54", "gateway_id": "GATEWAY-1"}
{"event": "delivered", "node_id": "NODE-A-01", "sequence_number": 13, "lora_latency_seconds": 0.217, "timestamp": "2026-08-31 08:42:54", "gateway_id": "GATEWAY-1"}
{"event": "delivered", "node_id": "NODE-A-01", "sequence_number": 14, "lora_latency_seconds": 0.254, "timestamp": "2026-08-31 08:42:55", "gateway_id": "GATEWAY-1"}
{"event": "delivered", "node_id": "NODE-D-01", "sequence_number": 4, "lora_latency_seconds": 0.288, "timestamp": "2026-08-31 08:42:55", "gateway_id": "GATEWAY-1"}
{"event": "delivered", "node_id": "NODE-A-02", "sequence_number": 4, "lora_latency_seconds": 0.065, "timestamp": "2026-08-31 08:42:55", "gateway_id": "GATEWAY-1"}
{"event": "delivered", "node_id": "NODE-C-01", "sequence_number": 4, "lora_latency_seconds": 0.109, "timestamp": "2026-08-31 08:42:55", "gateway_id": "GATEWAY-1"}
{"event": "delivered", "node_id": "NODE-B-01", "sequence_number": 4, "lora_latency_seconds": 0.218, "timestamp": "2026-08-31 08:42:55", "gateway_id": "GATEWAY-1"}
{"event": "delivered", "node_id": "NODE-B-02", "sequence_number": 4, "lora_latency_seconds": 0.101, "timestamp": "2026-08-31 08:42:55", "gateway_id": "GATEWAY-1"}
{"event": "delivered", "node_id": "NODE-C-02", "sequence_number": 4, "lora_latency_seconds": 0.204, "timestamp": "2026-08-31 08:42:55", "gateway_id": "GATEWAY-1"}
{"event": "delivered", "node_id": "NODE-A-01", "sequence_number": 15, "lora_latency_seconds": 0.132, "timestamp": "2026-08-31 08:42:55", "gateway_id": "GATEWAY-1"}
{"event": "delivered", "node_id": "NODE-A-01", "sequence_number": 16, "lora_latency_seconds": 0.062, "timestamp": "2026-08-31 08:42:56", "gateway_id": "GATEWAY-1"}
{"event": "delivered", "node_id": "NODE-A-01", "sequence_number": 17, "lora_latency_seconds": 0.178, "timestamp": "2026-08-31 08:42:56", "gateway_id": "GATEWAY-1"}
{"event": "delivered", "node_id": "NODE-A-01", "sequence_number": 18, "lora_latency_seconds": 0.172, "timestamp": "2026-08-31 08:42:57", "gateway_id": "GATEWAY-1"}
{"event": "delivered", "node_id": "NODE-A-01", "sequence_number": 19, "lora_latency_seconds": 0.264, "timestamp": "2026-08-31 08:42:57", "gateway_id": "GATEWAY-1"}
{"event": "delivered", "node_id": "NODE-A-01", "sequence_number": 20, "lora_latency_seconds": 0.094, "timestamp": "2026-08-31 08:42:58", "gateway_id": "GATEWAY-1"}
{"event": "delivered", "node_id": "NODE-A-01", "sequence_number": 21, "lora_latency_seconds": 0.257, "timestamp": "2026-08-31 08:42:58", "gateway_id": "GATEWAY-1"}
{"event": "delivered", "node_id": "NODE-A-01", "sequence_number": 22, "lora_latency_seconds": 0.293, "timestamp": "2026-08-31 08:42:59", "gateway_id": "GATEWAY-1"}
{"event": "delivered", "node_id": "NODE-A-01", "sequence_number": 23, "lora_latency_seconds": 0.167, "timestamp": "2026-08-31 08:42:59", "gateway_id": "GATEWAY-1"}
{"event": "delivered", "node_id": "NODE-A-01", "sequence_number": 24, "lora_latency_seconds": 0.148, "timestamp": "2026-08-31 08:43:00", "gateway_id": "GATEWAY-1"}
{"event": "delivered", "node_id": "NODE-A-01", "sequence_number": 25, "lora_latency_seconds": 0.164, "timestamp": "2026-08-31 08:43:00", "gateway_id": "GATEWAY-1"}
{"event": "delivered", "node_id": "NODE-A-01", "sequence_number": 26, "lora_latency_seconds": 0.278, "timestamp": "2026-08-31 08:43:01", "gateway_id": "GATEWAY-1"}
{"event": "delivered", "node_id": "NODE-C-01", "sequence_number": 5, "lora_latency_seconds": 0.229, "timestamp": "2026-08-31 08:43:01", "gateway_id": "GATEWAY-1"}
{"event": "delivered", "node_id": "NODE-B-02", "sequence_number": 5, "lora_latency_seconds": 0.203, "timestamp": "2026-08-31 08:43:01", "gateway_id": "GATEWAY-1"}
{"event": "delivered", "node_id": "NODE-D-01", "sequence_number": 5, "lora_latency_seconds": 0.094, "timestamp": "2026-08-31 08:43:01", "gateway_id": "GATEWAY-1"}
{"event": "delivered", "node_id": "NODE-C-02", "sequence_number": 5, "lora_latency_seconds": 0.208, "timestamp": "2026-08-31 08:43:01", "gateway_id": "GATEWAY-1"}
{"event": "delivered", "node_id": "NODE-A-02", "sequence_number": 5, "lora_latency_seconds": 0.239, "timestamp": "2026-08-31 08:43:01", "gateway_id": "GATEWAY-1"}
{"event": "delivered", "node_id": "NODE-B-01", "sequence_number": 5, "lora_latency_seconds": 0.051, "timestamp": "2026-08-31 08:43:01", "gateway_id": "GATEWAY-1"}
{"event": "delivered", "node_id": "NODE-A-01", "sequence_number": 27, "lora_latency_seconds": 0.068, "timestamp": "2026-08-31 08:43:01", "gateway_id": "GATEWAY-1"}
{"event": "delivered", "node_id": "NODE-A-01", "sequence_number": 28, "lora_latency_seconds": 0.207, "timestamp": "2026-08-31 08:43:02", "gateway_id": "GATEWAY-1"}
{"event": "delivered", "node_id": "NODE-A-01", "sequence_number": 29, "lora_latency_seconds": 0.177, "timestamp": "2026-08-31 08:43:02", "gateway_id": "GATEWAY-1"}
{"event": "delivered", "node_id": "NODE-A-01", "sequence_number": 30, "lora_latency_seconds": 0.267, "timestamp": "2026-08-31 08:43:03", "gateway_id": "GATEWAY-1"}
{"event": "delivered", "node_id": "NODE-A-01", "sequence_number": 31, "lora_latency_seconds": 0.179, "timestamp": "2026-08-31 08:43:04", "gateway_id": "GATEWAY-1"}
{"event": "delivered", "node_id": "NODE-A-01", "sequence_number": 32, "lora_latency_seconds": 0.245, "timestamp": "2026-08-31 08:43:04", "gateway_id": "GATEWAY-1"}
{"event": "delivered", "node_id": "NODE-A-01", "sequence_number": 33, "lora_latency_seconds": 0.211, "timestamp": "2026-08-31 08:43:05", "gateway_id": "GATEWAY-1"}
{"event": "delivered", "node_id": "NODE-A-01", "sequence_number": 34, "lora_latency_seconds": 0.236, "timestamp": "2026-08-31 08:43:05", "gateway_id": "GATEWAY-1"}
{"event": "delivered", "node_id": "NODE-A-01", "sequence_number": 35, "lora_latency_seconds": 0.254, "timestamp": "2026-08-31 08:43:06", "gateway_id": "GATEWAY-1"}
{"event": "delivered", "node_id": "NODE-A-01", "sequence_number": 36, "lora_latency_seconds": 0.196, "timestamp": "2026-08-31 08:43:06", "gateway_id": "GATEWAY-1"}
{"event": "delivered", "node_id": "NODE-A-01", "sequence_number": 37, "lora_latency_seconds": 0.082, "timestamp": "2026-08-31 08:43:07", "gateway_id": "GATEWAY-1"}
{"event": "delivered", "node_id": "NODE-A-01", "sequence_number": 38, "lora_latency_seconds": 0.255, "timestamp": "2026-08-31 08:43:07", "gateway_id": "GATEWAY-1"}
{"event": "delivered", "node_id": "NODE-C-02", "sequence_number": 6, "lora_latency_seconds": 0.128, "timestamp": "2026-08-31 08:43:07", "gateway_id": "GATEWAY-1"}
{"event": "delivered", "node_id": "NODE-C-01", "sequence_number": 6, "lora_latency_seconds": 0.208, "timestamp": "2026-08-31 08:43:07", "gateway_id": "GATEWAY-1"}
{"event": "delivered", "node_id": "NODE-B-01", "sequence_number": 6, "lora_latency_seconds": 0.184, "timestamp": "2026-08-31 08:43:07", "gateway_id": "GATEWAY-1"}
{"event": "delivered", "node_id": "NODE-B-02", "sequence_number": 6, "lora_latency_seconds": 0.268, "timestamp": "2026-08-31 08:43:07", "gateway_id": "GATEWAY-1"}
{"event": "delivered", "node_id": "NODE-D-01", "sequence_number": 6, "lora_latency_seconds": 0.062, "timestamp": "2026-08-31 08:43:07", "gateway_id": "GATEWAY-1"}
{"event": "delivered", "node_id": "NODE-A-01", "sequence_number": 39, "lora_latency_seconds": 0.147, "timestamp": "2026-08-31 08:43:08", "gateway_id": "GATEWAY-1"}
{"event": "delivered", "node_id": "NODE-A-01", "sequence_number": 40, "lora_latency_seconds": 0.078, "timestamp": "2026-08-31 08:43:08", "gateway_id": "GATEWAY-1"}
{"event": "delivered", "node_id": "NODE-A-01", "sequence_number": 41, "lora_latency_seconds": 0.282, "timestamp": "2026-08-31 08:43:09", "gateway_id": "GATEWAY-1"}
{"event": "delivered", "node_id": "NODE-A-01", "sequence_number": 42, "lora_latency_seconds": 0.178, "timestamp": "2026-08-31 08:43:09", "gateway_id": "GATEWAY-1"}
{"event": "delivered", "node_id": "NODE-A-01", "sequence_number": 43, "lora_latency_seconds": 0.252, "timestamp": "2026-08-31 08:43:10", "gateway_id": "GATEWAY-1"}
{"event": "delivered", "node_id": "NODE-A-01", "sequence_number": 44, "lora_latency_seconds": 0.175, "timestamp": "2026-08-31 08:43:10", "gateway_id": "GATEWAY-1"}
{"event": "delivered", "node_id": "NODE-A-01", "sequence_number": 45, "lora_latency_seconds": 0.133, "timestamp": "2026-08-31 08:43:11", "gateway_id": "GATEWAY-1"}
{"event": "delivered", "node_id": "NODE-A-01", "sequence_number": 46, "lora_latency_seconds": 0.28, "timestamp": "2026-08-31 08:43:11", "gateway_id": "GATEWAY-1"}
{"event": "delivered", "node_id": "NODE-A-01", "sequence_number": 47, "lora_latency_seconds": 0.237, "timestamp": "2026-08-31 08:43:12", "gateway_id": "GATEWAY-1"}
{"event": "delivered", "node_id": "NODE-A-01", "sequence_number": 48, "lora_latency_seconds": 0.268, "timestamp": "2026-08-31 08:43:12", "gateway_id": "GATEWAY-1"}
{"event": "delivered", "node_id": "NODE-A-01", "sequence_number": 49, "lora_latency_seconds": 0.257, "timestamp": "2026-08-31 08:43:13", "gateway_id": "GATEWAY-1"}
{"event": "dropped_at_lora", "node_id": "NODE-B-02", "sequence_number": 7, "timestamp": "2026-08-31 08:43:13", "gateway_id": "GATEWAY-1"}
{"event": "delivered", "node_id": "NODE-A-02", "sequence_number": 7, "lora_latency_seconds": 0.231, "timestamp": "2026-08-31 08:43:13", "gateway_id": "GATEWAY-1"}
{"event": "delivered", "node_id": "NODE-C-01", "sequence_number": 7, "lora_latency_seconds": 0.279, "timestamp": "2026-08-31 08:43:13", "gateway_id": "GATEWAY-1"}
{"event": "delivered", "node_id": "NODE-D-01", "sequence_number": 7, "lora_latency_seconds": 0.105, "timestamp": "2026-08-31 08:43:13", "gateway_id": "GATEWAY-1"}
{"event": "delivered", "node_id": "NODE-B-01", "sequence_number": 7, "lora_latency_seconds": 0.097, "timestamp": "2026-08-31 08:43:13", "gateway_id": "GATEWAY-1"}
{"event": "delivered", "node_id": "NODE-C-02", "sequence_number": 7, "lora_latency_seconds": 0.163, "timestamp": "2026-08-31 08:43:13", "gateway_id": "GATEWAY-1"}
{"event": "delivered", "node_id": "NODE-A-01", "sequence_number": 50, "lora_latency_seconds": 0.112, "timestamp": "2026-08-31 08:43:13", "gateway_id": "GATEWAY-1"}
{"event": "internet_status_change", "online": false, "queue_length": 0, "timestamp": "2026-08-31 08:43:14", "gateway_id": "GATEWAY-1"}
{"event": "queued_offline", "node_id": "NODE-A-01", "sequence_number": 51, "queue_length": 1, "timestamp": "2026-08-31 08:43:14", "gateway_id": "GATEWAY-1"}
{"event": "queued_offline", "node_id": "NODE-A-01", "sequence_number": 52, "queue_length": 2, "timestamp": "2026-08-31 08:43:14", "gateway_id": "GATEWAY-1"}
{"event": "queued_offline", "node_id": "NODE-A-01", "sequence_number": 53, "queue_length": 3, "timestamp": "2026-08-31 08:43:15", "gateway_id": "GATEWAY-1"}
{"event": "queued_offline", "node_id": "NODE-A-01", "sequence_number": 54, "queue_length": 4, "timestamp": "2026-08-31 08:43:15", "gateway_id": "GATEWAY-1"}
{"event": "queued_offline", "node_id": "NODE-A-01", "sequence_number": 55, "queue_length": 5, "timestamp": "2026-08-31 08:43:16", "gateway_id": "GATEWAY-1"}
{"event": "queued_offline", "node_id": "NODE-A-01", "sequence_number": 56, "queue_length": 6, "timestamp": "2026-08-31 08:43:16", "gateway_id": "GATEWAY-1"}
{"event": "queued_offline", "node_id": "NODE-A-01", "sequence_number": 57, "queue_length": 7, "timestamp": "2026-08-31 08:43:17", "gateway_id": "GATEWAY-1"}
{"event": "queued_offline", "node_id": "NODE-A-01", "sequence_number": 58, "queue_length": 8, "timestamp": "2026-08-31 08:43:17", "gateway_id": "GATEWAY-1"}
{"event": "queued_offline", "node_id": "NODE-A-01", "sequence_number": 59, "queue_length": 9, "timestamp": "2026-08-31 08:43:18", "gateway_id": "GATEWAY-1"}
{"event": "queued_offline", "node_id": "NODE-A-01", "sequence_number": 60, "queue_length": 10, "timestamp": "2026-08-31 08:43:18", "gateway_id": "GATEWAY-1"}
{"event": "queued_offline", "node_id": "NODE-A-01", "sequence_number": 61, "queue_length": 11, "timestamp": "2026-08-31 08:43:19", "gateway_id": "GATEWAY-1"}
{"event": "queued_offline", "node_id": "NODE-C-02", "sequence_number": 8, "queue_length": 12, "timestamp": "2026-08-31 08:43:19", "gateway_id": "GATEWAY-1"}
{"event": "queued_offline", "node_id": "NODE-B-01", "sequence_number": 8, "queue_length": 16, "timestamp": "2026-08-31 08:43:19", "gateway_id": "GATEWAY-1"}
{"event": "queued_offline", "node_id": "NODE-D-01", "sequence_number": 8, "queue_length": 13, "timestamp": "2026-08-31 08:43:19", "gateway_id": "GATEWAY-1"}
{"event": "queued_offline", "node_id": "NODE-C-01", "sequence_number": 8, "queue_length": 15, "timestamp": "2026-08-31 08:43:19", "gateway_id": "GATEWAY-1"}
{"event": "queued_offline", "node_id": "NODE-A-02", "sequence_number": 8, "queue_length": 14, "timestamp": "2026-08-31 08:43:19", "gateway_id": "GATEWAY-1"}
{"event": "queued_offline", "node_id": "NODE-B-02", "sequence_number": 8, "queue_length": 17, "timestamp": "2026-08-31 08:43:19", "gateway_id": "GATEWAY-1"}
{"event": "queued_offline", "node_id": "NODE-A-01", "sequence_number": 62, "queue_length": 18, "timestamp": "2026-08-31 08:43:19", "gateway_id": "GATEWAY-1"}
{"event": "queued_offline", "node_id": "NODE-A-01", "sequence_number": 63, "queue_length": 19, "timestamp": "2026-08-31 08:43:20", "gateway_id": "GATEWAY-1"}
{"event": "queued_offline", "node_id": "NODE-A-01", "sequence_number": 64, "queue_length": 20, "timestamp": "2026-08-31 08:43:20", "gateway_id": "GATEWAY-1"}
{"event": "queued_offline", "node_id": "NODE-A-01", "sequence_number": 65, "queue_length": 21, "timestamp": "2026-08-31 08:43:21", "gateway_id": "GATEWAY-1"}
{"event": "internet_status_change", "online": true, "queue_length": 21, "timestamp": "2026-08-31 08:43:21", "gateway_id": "GATEWAY-1"}
{"event": "delivered_from_queue", "node_id": "NODE-A-01", "sequence_number": 51, "lora_latency_seconds": 0.296, "timestamp": "2026-08-31 08:43:21", "gateway_id": "GATEWAY-1"}
{"event": "delivered_from_queue", "node_id": "NODE-A-01", "sequence_number": 52, "lora_latency_seconds": 0.111, "timestamp": "2026-08-31 08:43:21", "gateway_id": "GATEWAY-1"}
{"event": "delivered_from_queue", "node_id": "NODE-A-01", "sequence_number": 53, "lora_latency_seconds": 0.099, "timestamp": "2026-08-31 08:43:21", "gateway_id": "GATEWAY-1"}
{"event": "delivered_from_queue", "node_id": "NODE-A-01", "sequence_number": 54, "lora_latency_seconds": 0.08, "timestamp": "2026-08-31 08:43:21", "gateway_id": "GATEWAY-1"}
{"event": "delivered_from_queue", "node_id": "NODE-A-01", "sequence_number": 55, "lora_latency_seconds": 0.197, "timestamp": "2026-08-31 08:43:21", "gateway_id": "GATEWAY-1"}
{"event": "delivered_from_queue", "node_id": "NODE-A-01", "sequence_number": 56, "lora_latency_seconds": 0.117, "timestamp": "2026-08-31 08:43:21", "gateway_id": "GATEWAY-1"}
{"event": "delivered_from_queue", "node_id": "NODE-A-01", "sequence_number": 57, "lora_latency_seconds": 0.277, "timestamp": "2026-08-31 08:43:21", "gateway_id": "GATEWAY-1"}
{"event": "delivered_from_queue", "node_id": "NODE-A-01", "sequence_number": 58, "lora_latency_seconds": 0.167, "timestamp": "2026-08-31 08:43:21", "gateway_id": "GATEWAY-1"}
{"event": "delivered_from_queue", "node_id": "NODE-A-01", "sequence_number": 59, "lora_latency_seconds": 0.116, "timestamp": "2026-08-31 08:43:21", "gateway_id": "GATEWAY-1"}
{"event": "delivered_from_queue", "node_id": "NODE-A-01", "sequence_number": 60, "lora_latency_seconds": 0.193, "timestamp": "2026-08-31 08:43:21", "gateway_id": "GATEWAY-1"}
{"event": "delivered_from_queue", "node_id": "NODE-A-01", "sequence_number": 61, "lora_latency_seconds": 0.107, "timestamp": "2026-08-31 08:43:21", "gateway_id": "GATEWAY-1"}
{"event": "delivered_from_queue", "node_id": "NODE-C-02", "sequence_number": 8, "lora_latency_seconds": 0.199, "timestamp": "2026-08-31 08:43:21", "gateway_id": "GATEWAY-1"}
{"event": "delivered_from_queue", "node_id": "NODE-D-01", "sequence_number": 8, "lora_latency_seconds": 0.106, "timestamp": "2026-08-31 08:43:21", "gateway_id": "GATEWAY-1"}
{"event": "delivered_from_queue", "node_id": "NODE-A-02", "sequence_number": 8, "lora_latency_seconds": 0.267, "timestamp": "2026-08-31 08:43:21", "gateway_id": "GATEWAY-1"}
{"event": "delivered_from_queue", "node_id": "NODE-C-01", "sequence_number": 8, "lora_latency_seconds": 0.244, "timestamp": "2026-08-31 08:43:21", "gateway_id": "GATEWAY-1"}
{"event": "delivered_from_queue", "node_id": "NODE-B-01", "sequence_number": 8, "lora_latency_seconds": 0.216, "timestamp": "2026-08-31 08:43:21", "gateway_id": "GATEWAY-1"}
{"event": "delivered_from_queue", "node_id": "NODE-B-02", "sequence_number": 8, "lora_latency_seconds": 0.192, "timestamp": "2026-08-31 08:43:21", "gateway_id": "GATEWAY-1"}
{"event": "delivered_from_queue", "node_id": "NODE-A-01", "sequence_number": 62, "lora_latency_seconds": 0.286, "timestamp": "2026-08-31 08:43:21", "gateway_id": "GATEWAY-1"}
{"event": "delivered_from_queue", "node_id": "NODE-A-01", "sequence_number": 63, "lora_latency_seconds": 0.22, "timestamp": "2026-08-31 08:43:21", "gateway_id": "GATEWAY-1"}
{"event": "delivered_from_queue", "node_id": "NODE-A-01", "sequence_number": 64, "lora_latency_seconds": 0.15, "timestamp": "2026-08-31 08:43:21", "gateway_id": "GATEWAY-1"}
{"event": "delivered_from_queue", "node_id": "NODE-A-01", "sequence_number": 65, "lora_latency_seconds": 0.154, "timestamp": "2026-08-31 08:43:21", "gateway_id": "GATEWAY-1"}
{"event": "queue_flushed", "count": 21, "timestamp": "2026-08-31 08:43:21", "gateway_id": "GATEWAY-1"}
{"event": "delivered", "node_id": "NODE-A-01", "sequence_number": 66, "lora_latency_seconds": 0.171, "timestamp": "2026-08-31 08:43:21", "gateway_id": "GATEWAY-1"}
{"event": "delivered", "node_id": "NODE-A-01", "sequence_number": 67, "lora_latency_seconds": 0.066, "timestamp": "2026-08-31 08:43:22", "gateway_id": "GATEWAY-1"}
{"event": "delivered", "node_id": "NODE-A-01", "sequence_number": 68, "lora_latency_seconds": 0.119, "timestamp": "2026-08-31 08:43:22", "gateway_id": "GATEWAY-1"}
{"event": "delivered", "node_id": "NODE-A-01", "sequence_number": 69, "lora_latency_seconds": 0.197, "timestamp": "2026-08-31 08:43:23", "gateway_id": "GATEWAY-1"}
{"event": "delivered", "node_id": "NODE-A-01", "sequence_number": 70, "lora_latency_seconds": 0.198, "timestamp": "2026-08-31 08:43:23", "gateway_id": "GATEWAY-1"}
{"event": "delivered", "node_id": "NODE-A-01", "sequence_number": 71, "lora_latency_seconds": 0.164, "timestamp": "2026-08-31 08:43:24", "gateway_id": "GATEWAY-1"}
{"event": "delivered", "node_id": "NODE-A-01", "sequence_number": 72, "lora_latency_seconds": 0.111, "timestamp": "2026-08-31 08:43:25", "gateway_id": "GATEWAY-1"}
{"event": "delivered", "node_id": "NODE-A-01", "sequence_number": 73, "lora_latency_seconds": 0.115, "timestamp": "2026-08-31 08:43:25", "gateway_id": "GATEWAY-1"}
{"event": "delivered", "node_id": "NODE-B-01", "sequence_number": 9, "lora_latency_seconds": 0.254, "timestamp": "2026-08-31 08:43:25", "gateway_id": "GATEWAY-1"}
{"event": "delivered", "node_id": "NODE-A-02", "sequence_number": 9, "lora_latency_seconds": 0.246, "timestamp": "2026-08-31 08:43:25", "gateway_id": "GATEWAY-1"}
{"event": "delivered", "node_id": "NODE-C-02", "sequence_number": 9, "lora_latency_seconds": 0.245, "timestamp": "2026-08-31 08:43:25", "gateway_id": "GATEWAY-1"}
{"event": "delivered", "node_id": "NODE-B-02", "sequence_number": 9, "lora_latency_seconds": 0.204, "timestamp": "2026-08-31 08:43:25", "gateway_id": "GATEWAY-1"}
{"event": "delivered", "node_id": "NODE-D-01", "sequence_number": 9, "lora_latency_seconds": 0.228, "timestamp": "2026-08-31 08:43:25", "gateway_id": "GATEWAY-1"}
{"event": "delivered", "node_id": "NODE-A-01", "sequence_number": 74, "lora_latency_seconds": 0.133, "timestamp": "2026-08-31 08:43:26", "gateway_id": "GATEWAY-1"}
{"event": "delivered", "node_id": "NODE-A-01", "sequence_number": 75, "lora_latency_seconds": 0.206, "timestamp": "2026-08-31 08:43:26", "gateway_id": "GATEWAY-1"}
{"event": "delivered", "node_id": "NODE-A-01", "sequence_number": 76, "lora_latency_seconds": 0.255, "timestamp": "2026-08-31 08:43:27", "gateway_id": "GATEWAY-1"}
{"event": "dropped_at_lora", "node_id": "NODE-A-01", "sequence_number": 77, "timestamp": "2026-08-31 08:43:27", "gateway_id": "GATEWAY-1"}
{"event": "delivered", "node_id": "NODE-A-01", "sequence_number": 78, "lora_latency_seconds": 0.293, "timestamp": "2026-08-31 08:43:28", "gateway_id": "GATEWAY-1"}
{"event": "delivered", "node_id": "NODE-A-01", "sequence_number": 79, "lora_latency_seconds": 0.235, "timestamp": "2026-08-31 08:43:28", "gateway_id": "GATEWAY-1"}
{"event": "delivered", "node_id": "NODE-A-01", "sequence_number": 80, "lora_latency_seconds": 0.216, "timestamp": "2026-08-31 08:43:29", "gateway_id": "GATEWAY-1"}
{"event": "delivered", "node_id": "NODE-A-01", "sequence_number": 81, "lora_latency_seconds": 0.093, "timestamp": "2026-08-31 08:43:29", "gateway_id": "GATEWAY-1"}
{"event": "delivered", "node_id": "NODE-A-01", "sequence_number": 82, "lora_latency_seconds": 0.135, "timestamp": "2026-08-31 08:43:30", "gateway_id": "GATEWAY-1"}
{"event": "delivered", "node_id": "NODE-A-01", "sequence_number": 83, "lora_latency_seconds": 0.072, "timestamp": "2026-08-31 08:43:30", "gateway_id": "GATEWAY-1"}
{"event": "delivered", "node_id": "NODE-A-01", "sequence_number": 1, "lora_latency_seconds": 0.206, "timestamp": "2026-08-31 08:45:47", "gateway_id": "GATEWAY-1"}
{"event": "delivered", "node_id": "NODE-A-02", "sequence_number": 1, "lora_latency_seconds": 0.154, "timestamp": "2026-08-31 08:45:47", "gateway_id": "GATEWAY-1"}
{"event": "delivered", "node_id": "NODE-B-01", "sequence_number": 1, "lora_latency_seconds": 0.168, "timestamp": "2026-08-31 08:45:47", "gateway_id": "GATEWAY-1"}
{"event": "delivered", "node_id": "NODE-B-02", "sequence_number": 1, "lora_latency_seconds": 0.247, "timestamp": "2026-08-31 08:45:47", "gateway_id": "GATEWAY-1"}
{"event": "delivered", "node_id": "NODE-C-01", "sequence_number": 1, "lora_latency_seconds": 0.095, "timestamp": "2026-08-31 08:45:47", "gateway_id": "GATEWAY-1"}
{"event": "delivered", "node_id": "NODE-C-02", "sequence_number": 1, "lora_latency_seconds": 0.15, "timestamp": "2026-08-31 08:45:47", "gateway_id": "GATEWAY-1"}
{"event": "delivered", "node_id": "NODE-D-01", "sequence_number": 1, "lora_latency_seconds": 0.177, "timestamp": "2026-08-31 08:45:47", "gateway_id": "GATEWAY-1"}
{"event": "delivered", "node_id": "NODE-A-01", "sequence_number": 2, "lora_latency_seconds": 0.212, "timestamp": "2026-08-31 08:45:53", "gateway_id": "GATEWAY-1"}
{"event": "delivered", "node_id": "NODE-D-01", "sequence_number": 2, "lora_latency_seconds": 0.234, "timestamp": "2026-08-31 08:45:53", "gateway_id": "GATEWAY-1"}
{"event": "delivered", "node_id": "NODE-C-02", "sequence_number": 2, "lora_latency_seconds": 0.175, "timestamp": "2026-08-31 08:45:53", "gateway_id": "GATEWAY-1"}
{"event": "delivered", "node_id": "NODE-A-02", "sequence_number": 2, "lora_latency_seconds": 0.258, "timestamp": "2026-08-31 08:45:53", "gateway_id": "GATEWAY-1"}
{"event": "delivered", "node_id": "NODE-B-02", "sequence_number": 2, "lora_latency_seconds": 0.291, "timestamp": "2026-08-31 08:45:53", "gateway_id": "GATEWAY-1"}
{"event": "delivered", "node_id": "NODE-B-01", "sequence_number": 2, "lora_latency_seconds": 0.166, "timestamp": "2026-08-31 08:45:53", "gateway_id": "GATEWAY-1"}
{"event": "delivered", "node_id": "NODE-C-01", "sequence_number": 2, "lora_latency_seconds": 0.063, "timestamp": "2026-08-31 08:45:53", "gateway_id": "GATEWAY-1"}
{"event": "delivered", "node_id": "NODE-A-01", "sequence_number": 3, "lora_latency_seconds": 0.176, "timestamp": "2026-08-31 08:45:59", "gateway_id": "GATEWAY-1"}
{"event": "delivered", "node_id": "NODE-B-01", "sequence_number": 3, "lora_latency_seconds": 0.054, "timestamp": "2026-08-31 08:45:59", "gateway_id": "GATEWAY-1"}
{"event": "delivered", "node_id": "NODE-A-02", "sequence_number": 3, "lora_latency_seconds": 0.284, "timestamp": "2026-08-31 08:45:59", "gateway_id": "GATEWAY-1"}
{"event": "delivered", "node_id": "NODE-B-02", "sequence_number": 3, "lora_latency_seconds": 0.096, "timestamp": "2026-08-31 08:45:59", "gateway_id": "GATEWAY-1"}
{"event": "delivered", "node_id": "NODE-C-02", "sequence_number": 3, "lora_latency_seconds": 0.245, "timestamp": "2026-08-31 08:45:59", "gateway_id": "GATEWAY-1"}
{"event": "delivered", "node_id": "NODE-D-01", "sequence_number": 3, "lora_latency_seconds": 0.186, "timestamp": "2026-08-31 08:45:59", "gateway_id": "GATEWAY-1"}
{"event": "delivered", "node_id": "NODE-C-01", "sequence_number": 3, "lora_latency_seconds": 0.071, "timestamp": "2026-08-31 08:45:59", "gateway_id": "GATEWAY-1"}
{"event": "delivered", "node_id": "NODE-A-01", "sequence_number": 4, "lora_latency_seconds": 0.112, "timestamp": "2026-08-31 08:46:05", "gateway_id": "GATEWAY-1"}
{"event": "delivered", "node_id": "NODE-C-02", "sequence_number": 4, "lora_latency_seconds": 0.25, "timestamp": "2026-08-31 08:46:05", "gateway_id": "GATEWAY-1"}
{"event": "delivered", "node_id": "NODE-D-01", "sequence_number": 4, "lora_latency_seconds": 0.166, "timestamp": "2026-08-31 08:46:05", "gateway_id": "GATEWAY-1"}
{"event": "delivered", "node_id": "NODE-A-02", "sequence_number": 4, "lora_latency_seconds": 0.216, "timestamp": "2026-08-31 08:46:05", "gateway_id": "GATEWAY-1"}
{"event": "delivered", "node_id": "NODE-C-01", "sequence_number": 4, "lora_latency_seconds": 0.139, "timestamp": "2026-08-31 08:46:05", "gateway_id": "GATEWAY-1"}
{"event": "delivered", "node_id": "NODE-B-02", "sequence_number": 4, "lora_latency_seconds": 0.197, "timestamp": "2026-08-31 08:46:05", "gateway_id": "GATEWAY-1"}
{"event": "delivered", "node_id": "NODE-B-01", "sequence_number": 4, "lora_latency_seconds": 0.156, "timestamp": "2026-08-31 08:46:05", "gateway_id": "GATEWAY-1"}
{"event": "delivered", "node_id": "NODE-A-01", "sequence_number": 5, "lora_latency_seconds": 0.201, "timestamp": "2026-08-31 08:46:05", "gateway_id": "GATEWAY-1"}
{"event": "delivered", "node_id": "NODE-A-01", "sequence_number": 6, "lora_latency_seconds": 0.164, "timestamp": "2026-08-31 08:46:06", "gateway_id": "GATEWAY-1"}
{"event": "delivered", "node_id": "NODE-A-01", "sequence_number": 7, "lora_latency_seconds": 0.222, "timestamp": "2026-08-31 08:46:06", "gateway_id": "GATEWAY-1"}
{"event": "delivered", "node_id": "NODE-A-01", "sequence_number": 8, "lora_latency_seconds": 0.269, "timestamp": "2026-08-31 08:46:07", "gateway_id": "GATEWAY-1"}
{"event": "delivered", "node_id": "NODE-A-01", "sequence_number": 9, "lora_latency_seconds": 0.27, "timestamp": "2026-08-31 08:46:07", "gateway_id": "GATEWAY-1"}
{"event": "delivered", "node_id": "NODE-A-01", "sequence_number": 10, "lora_latency_seconds": 0.232, "timestamp": "2026-08-31 08:46:08", "gateway_id": "GATEWAY-1"}
{"event": "delivered", "node_id": "NODE-A-01", "sequence_number": 11, "lora_latency_seconds": 0.114, "timestamp": "2026-08-31 08:46:08", "gateway_id": "GATEWAY-1"}
{"event": "delivered", "node_id": "NODE-A-01", "sequence_number": 12, "lora_latency_seconds": 0.166, "timestamp": "2026-08-31 08:46:09", "gateway_id": "GATEWAY-1"}
{"event": "delivered", "node_id": "NODE-A-01", "sequence_number": 13, "lora_latency_seconds": 0.186, "timestamp": "2026-08-31 08:46:09", "gateway_id": "GATEWAY-1"}
{"event": "delivered", "node_id": "NODE-A-01", "sequence_number": 14, "lora_latency_seconds": 0.084, "timestamp": "2026-08-31 08:46:10", "gateway_id": "GATEWAY-1"}
{"event": "delivered", "node_id": "NODE-A-01", "sequence_number": 15, "lora_latency_seconds": 0.167, "timestamp": "2026-08-31 08:46:11", "gateway_id": "GATEWAY-1"}
{"event": "delivered", "node_id": "NODE-A-02", "sequence_number": 5, "lora_latency_seconds": 0.054, "timestamp": "2026-08-31 08:46:11", "gateway_id": "GATEWAY-1"}
{"event": "delivered", "node_id": "NODE-B-01", "sequence_number": 5, "lora_latency_seconds": 0.098, "timestamp": "2026-08-31 08:46:11", "gateway_id": "GATEWAY-1"}
{"event": "delivered", "node_id": "NODE-D-01", "sequence_number": 5, "lora_latency_seconds": 0.184, "timestamp": "2026-08-31 08:46:11", "gateway_id": "GATEWAY-1"}
{"event": "delivered", "node_id": "NODE-C-02", "sequence_number": 5, "lora_latency_seconds": 0.296, "timestamp": "2026-08-31 08:46:11", "gateway_id": "GATEWAY-1"}
{"event": "delivered", "node_id": "NODE-B-02", "sequence_number": 5, "lora_latency_seconds": 0.086, "timestamp": "2026-08-31 08:46:11", "gateway_id": "GATEWAY-1"}
{"event": "delivered", "node_id": "NODE-C-01", "sequence_number": 5, "lora_latency_seconds": 0.261, "timestamp": "2026-08-31 08:46:11", "gateway_id": "GATEWAY-1"}
{"event": "delivered", "node_id": "NODE-A-01", "sequence_number": 16, "lora_latency_seconds": 0.122, "timestamp": "2026-08-31 08:46:11", "gateway_id": "GATEWAY-1"}
{"event": "delivered", "node_id": "NODE-A-01", "sequence_number": 17, "lora_latency_seconds": 0.182, "timestamp": "2026-08-31 08:46:12", "gateway_id": "GATEWAY-1"}
{"event": "delivered", "node_id": "NODE-A-01", "sequence_number": 18, "lora_latency_seconds": 0.174, "timestamp": "2026-08-31 08:46:12", "gateway_id": "GATEWAY-1"}
{"event": "delivered", "node_id": "NODE-A-01", "sequence_number": 19, "lora_latency_seconds": 0.229, "timestamp": "2026-08-31 08:46:13", "gateway_id": "GATEWAY-1"}
{"event": "internet_status_change", "online": false, "queue_length": 0, "timestamp": "2026-08-31 08:46:13", "gateway_id": "GATEWAY-1"}
{"event": "queued_offline", "node_id": "NODE-A-01", "sequence_number": 20, "queue_length": 1, "timestamp": "2026-08-31 08:46:13", "gateway_id": "GATEWAY-1"}
{"event": "queued_offline", "node_id": "NODE-A-01", "sequence_number": 21, "queue_length": 2, "timestamp": "2026-08-31 08:46:14", "gateway_id": "GATEWAY-1"}
{"event": "queued_offline", "node_id": "NODE-A-01", "sequence_number": 22, "queue_length": 3, "timestamp": "2026-08-31 08:46:14", "gateway_id": "GATEWAY-1"}
{"event": "queued_offline", "node_id": "NODE-A-01", "sequence_number": 23, "queue_length": 4, "timestamp": "2026-08-31 08:46:15", "gateway_id": "GATEWAY-1"}
{"event": "queued_offline", "node_id": "NODE-A-01", "sequence_number": 24, "queue_length": 5, "timestamp": "2026-08-31 08:46:15", "gateway_id": "GATEWAY-1"}
{"event": "queued_offline", "node_id": "NODE-A-01", "sequence_number": 25, "queue_length": 6, "timestamp": "2026-08-31 08:46:16", "gateway_id": "GATEWAY-1"}
{"event": "dropped_at_lora", "node_id": "NODE-A-01", "sequence_number": 26, "timestamp": "2026-08-31 08:46:16", "gateway_id": "GATEWAY-1"}
{"event": "queued_offline", "node_id": "NODE-A-01", "sequence_number": 27, "queue_length": 7, "timestamp": "2026-08-31 08:46:17", "gateway_id": "GATEWAY-1"}
{"event": "queued_offline", "node_id": "NODE-B-02", "sequence_number": 6, "queue_length": 8, "timestamp": "2026-08-31 08:46:17", "gateway_id": "GATEWAY-1"}
{"event": "queued_offline", "node_id": "NODE-C-02", "sequence_number": 6, "queue_length": 9, "timestamp": "2026-08-31 08:46:17", "gateway_id": "GATEWAY-1"}
{"event": "queued_offline", "node_id": "NODE-D-01", "sequence_number": 6, "queue_length": 10, "timestamp": "2026-08-31 08:46:17", "gateway_id": "GATEWAY-1"}
{"event": "queued_offline", "node_id": "NODE-C-01", "sequence_number": 6, "queue_length": 11, "timestamp": "2026-08-31 08:46:17", "gateway_id": "GATEWAY-1"}
{"event": "queued_offline", "node_id": "NODE-B-01", "sequence_number": 6, "queue_length": 12, "timestamp": "2026-08-31 08:46:17", "gateway_id": "GATEWAY-1"}
{"event": "queued_offline", "node_id": "NODE-A-02", "sequence_number": 6, "queue_length": 13, "timestamp": "2026-08-31 08:46:17", "gateway_id": "GATEWAY-1"}
{"event": "queued_offline", "node_id": "NODE-A-01", "sequence_number": 28, "queue_length": 14, "timestamp": "2026-08-31 08:46:17", "gateway_id": "GATEWAY-1"}
{"event": "queued_offline", "node_id": "NODE-A-01", "sequence_number": 29, "queue_length": 15, "timestamp": "2026-08-31 08:46:18", "gateway_id": "GATEWAY-1"}
{"event": "queued_offline", "node_id": "NODE-A-01", "sequence_number": 30, "queue_length": 16, "timestamp": "2026-08-31 08:46:18", "gateway_id": "GATEWAY-1"}
{"event": "queued_offline", "node_id": "NODE-A-01", "sequence_number": 31, "queue_length": 17, "timestamp": "2026-08-31 08:46:19", "gateway_id": "GATEWAY-1"}
{"event": "internet_status_change", "online": true, "queue_length": 17, "timestamp": "2026-08-31 08:46:19", "gateway_id": "GATEWAY-1"}
{"event": "delivered_from_queue", "node_id": "NODE-A-01", "sequence_number": 20, "lora_latency_seconds": 0.244, "timestamp": "2026-08-31 08:46:19", "gateway_id": "GATEWAY-1"}
{"event": "delivered_from_queue", "node_id": "NODE-A-01", "sequence_number": 21, "lora_latency_seconds": 0.078, "timestamp": "2026-08-31 08:46:19", "gateway_id": "GATEWAY-1"}
{"event": "delivered_from_queue", "node_id": "NODE-A-01", "sequence_number": 22, "lora_latency_seconds": 0.286, "timestamp": "2026-08-31 08:46:19", "gateway_id": "GATEWAY-1"}
{"event": "delivered_from_queue", "node_id": "NODE-A-01", "sequence_number": 23, "lora_latency_seconds": 0.112, "timestamp": "2026-08-31 08:46:19", "gateway_id": "GATEWAY-1"}
{"event": "delivered_from_queue", "node_id": "NODE-A-01", "sequence_number": 24, "lora_latency_seconds": 0.276, "timestamp": "2026-08-31 08:46:19", "gateway_id": "GATEWAY-1"}
{"event": "delivered_from_queue", "node_id": "NODE-A-01", "sequence_number": 25, "lora_latency_seconds": 0.21, "timestamp": "2026-08-31 08:46:19", "gateway_id": "GATEWAY-1"}
{"event": "delivered_from_queue", "node_id": "NODE-A-01", "sequence_number": 27, "lora_latency_seconds": 0.228, "timestamp": "2026-08-31 08:46:19", "gateway_id": "GATEWAY-1"}
{"event": "delivered_from_queue", "node_id": "NODE-B-02", "sequence_number": 6, "lora_latency_seconds": 0.118, "timestamp": "2026-08-31 08:46:19", "gateway_id": "GATEWAY-1"}
{"event": "delivered_from_queue", "node_id": "NODE-C-02", "sequence_number": 6, "lora_latency_seconds": 0.161, "timestamp": "2026-08-31 08:46:19", "gateway_id": "GATEWAY-1"}
{"event": "delivered_from_queue", "node_id": "NODE-D-01", "sequence_number": 6, "lora_latency_seconds": 0.297, "timestamp": "2026-08-31 08:46:19", "gateway_id": "GATEWAY-1"}
{"event": "delivered_from_queue", "node_id": "NODE-C-01", "sequence_number": 6, "lora_latency_seconds": 0.163, "timestamp": "2026-08-31 08:46:19", "gateway_id": "GATEWAY-1"}
{"event": "delivered_from_queue", "node_id": "NODE-B-01", "sequence_number": 6, "lora_latency_seconds": 0.197, "timestamp": "2026-08-31 08:46:19", "gateway_id": "GATEWAY-1"}
{"event": "delivered_from_queue", "node_id": "NODE-A-02", "sequence_number": 6, "lora_latency_seconds": 0.226, "timestamp": "2026-08-31 08:46:19", "gateway_id": "GATEWAY-1"}
{"event": "delivered_from_queue", "node_id": "NODE-A-01", "sequence_number": 28, "lora_latency_seconds": 0.151, "timestamp": "2026-08-31 08:46:19", "gateway_id": "GATEWAY-1"}
{"event": "delivered_from_queue", "node_id": "NODE-A-01", "sequence_number": 29, "lora_latency_seconds": 0.2, "timestamp": "2026-08-31 08:46:19", "gateway_id": "GATEWAY-1"}
{"event": "delivered_from_queue", "node_id": "NODE-A-01", "sequence_number": 30, "lora_latency_seconds": 0.1, "timestamp": "2026-08-31 08:46:19", "gateway_id": "GATEWAY-1"}
{"event": "delivered_from_queue", "node_id": "NODE-A-01", "sequence_number": 31, "lora_latency_seconds": 0.255, "timestamp": "2026-08-31 08:46:19", "gateway_id": "GATEWAY-1"}
{"event": "queue_flushed", "count": 17, "timestamp": "2026-08-31 08:46:19", "gateway_id": "GATEWAY-1"}
{"event": "delivered", "node_id": "NODE-A-01", "sequence_number": 32, "lora_latency_seconds": 0.23, "timestamp": "2026-08-31 08:46:19", "gateway_id": "GATEWAY-1"}
{"event": "delivered", "node_id": "NODE-A-01", "sequence_number": 33, "lora_latency_seconds": 0.255, "timestamp": "2026-08-31 08:46:20", "gateway_id": "GATEWAY-1"}
{"event": "delivered", "node_id": "NODE-A-01", "sequence_number": 34, "lora_latency_seconds": 0.161, "timestamp": "2026-08-31 08:46:20", "gateway_id": "GATEWAY-1"}
{"event": "delivered", "node_id": "NODE-A-01", "sequence_number": 35, "lora_latency_seconds": 0.098, "timestamp": "2026-08-31 08:46:21", "gateway_id": "GATEWAY-1"}
{"event": "delivered", "node_id": "NODE-A-01", "sequence_number": 36, "lora_latency_seconds": 0.156, "timestamp": "2026-08-31 08:46:21", "gateway_id": "GATEWAY-1"}
{"event": "delivered", "node_id": "NODE-A-01", "sequence_number": 37, "lora_latency_seconds": 0.093, "timestamp": "2026-08-31 08:46:22", "gateway_id": "GATEWAY-1"}
{"event": "delivered", "node_id": "NODE-A-01", "sequence_number": 38, "lora_latency_seconds": 0.295, "timestamp": "2026-08-31 08:46:22", "gateway_id": "GATEWAY-1"}
{"event": "delivered", "node_id": "NODE-A-01", "sequence_number": 39, "lora_latency_seconds": 0.064, "timestamp": "2026-08-31 08:46:23", "gateway_id": "GATEWAY-1"}
{"event": "delivered", "node_id": "NODE-D-01", "sequence_number": 7, "lora_latency_seconds": 0.133, "timestamp": "2026-08-31 08:46:23", "gateway_id": "GATEWAY-1"}
{"event": "delivered", "node_id": "NODE-C-02", "sequence_number": 7, "lora_latency_seconds": 0.184, "timestamp": "2026-08-31 08:46:23", "gateway_id": "GATEWAY-1"}
{"event": "delivered", "node_id": "NODE-C-01", "sequence_number": 7, "lora_latency_seconds": 0.139, "timestamp": "2026-08-31 08:46:23", "gateway_id": "GATEWAY-1"}
{"event": "delivered", "node_id": "NODE-B-02", "sequence_number": 7, "lora_latency_seconds": 0.115, "timestamp": "2026-08-31 08:46:23", "gateway_id": "GATEWAY-1"}
{"event": "delivered", "node_id": "NODE-A-02", "sequence_number": 7, "lora_latency_seconds": 0.173, "timestamp": "2026-08-31 08:46:23", "gateway_id": "GATEWAY-1"}
{"event": "delivered", "node_id": "NODE-B-01", "sequence_number": 7, "lora_latency_seconds": 0.214, "timestamp": "2026-08-31 08:46:23", "gateway_id": "GATEWAY-1"}
{"event": "delivered", "node_id": "NODE-A-01", "sequence_number": 40, "lora_latency_seconds": 0.053, "timestamp": "2026-08-31 08:46:23", "gateway_id": "GATEWAY-1"}
{"event": "delivered", "node_id": "NODE-A-01", "sequence_number": 41, "lora_latency_seconds": 0.269, "timestamp": "2026-08-31 08:46:24", "gateway_id": "GATEWAY-1"}
{"event": "delivered", "node_id": "NODE-A-01", "sequence_number": 42, "lora_latency_seconds": 0.117, "timestamp": "2026-08-31 08:46:24", "gateway_id": "GATEWAY-1"}
{"event": "delivered", "node_id": "NODE-A-01", "sequence_number": 43, "lora_latency_seconds": 0.191, "timestamp": "2026-08-31 08:46:25", "gateway_id": "GATEWAY-1"}
{"event": "delivered", "node_id": "NODE-A-01", "sequence_number": 44, "lora_latency_seconds": 0.088, "timestamp": "2026-08-31 08:46:25", "gateway_id": "GATEWAY-1"}
